Archive member included to satisfy reference by file (symbol)

c:/program files (x86)/atmel/studio/7.0/toolchain/avr8/avr8-gnu-toolchain/bin/../lib/gcc/avr/5.4.0/../../../../avr/lib/avr5\libm.a(addsf3.o)
                              IMU.o (__subsf3)
c:/program files (x86)/atmel/studio/7.0/toolchain/avr8/avr8-gnu-toolchain/bin/../lib/gcc/avr/5.4.0/../../../../avr/lib/avr5\libm.a(addsf3x.o)
                              c:/program files (x86)/atmel/studio/7.0/toolchain/avr8/avr8-gnu-toolchain/bin/../lib/gcc/avr/5.4.0/../../../../avr/lib/avr5\libm.a(addsf3.o) (__addsf3x)
c:/program files (x86)/atmel/studio/7.0/toolchain/avr8/avr8-gnu-toolchain/bin/../lib/gcc/avr/5.4.0/../../../../avr/lib/avr5\libm.a(atan.o)
                              IMU.o (atan)
c:/program files (x86)/atmel/studio/7.0/toolchain/avr8/avr8-gnu-toolchain/bin/../lib/gcc/avr/5.4.0/../../../../avr/lib/avr5\libm.a(divsf3.o)
                              IMU.o (__divsf3)
c:/program files (x86)/atmel/studio/7.0/toolchain/avr8/avr8-gnu-toolchain/bin/../lib/gcc/avr/5.4.0/../../../../avr/lib/avr5\libm.a(divsf3x.o)
                              c:/program files (x86)/atmel/studio/7.0/toolchain/avr8/avr8-gnu-toolchain/bin/../lib/gcc/avr/5.4.0/../../../../avr/lib/avr5\libm.a(divsf3.o) (__divsf3x)
c:/program files (x86)/atmel/studio/7.0/toolchain/avr8/avr8-gnu-toolchain/bin/../lib/gcc/avr/5.4.0/../../../../avr/lib/avr5\libm.a(fixsfsi.o)
                              IMU.o (__fixsfsi)
c:/program files (x86)/atmel/studio/7.0/toolchain/avr8/avr8-gnu-toolchain/bin/../lib/gcc/avr/5.4.0/../../../../avr/lib/avr5\libm.a(fixunssfsi.o)
                              Gui.o (__fixunssfsi)
c:/program files (x86)/atmel/studio/7.0/toolchain/avr8/avr8-gnu-toolchain/bin/../lib/gcc/avr/5.4.0/../../../../avr/lib/avr5\libm.a(floatsisf.o)
                              IMU.o (__floatunsisf)
c:/program files (x86)/atmel/studio/7.0/toolchain/avr8/avr8-gnu-toolchain/bin/../lib/gcc/avr/5.4.0/../../../../avr/lib/avr5\libm.a(fp_inf.o)
                              c:/program files (x86)/atmel/studio/7.0/toolchain/avr8/avr8-gnu-toolchain/bin/../lib/gcc/avr/5.4.0/../../../../avr/lib/avr5\libm.a(addsf3x.o) (__fp_inf)
c:/program files (x86)/atmel/studio/7.0/toolchain/avr8/avr8-gnu-toolchain/bin/../lib/gcc/avr/5.4.0/../../../../avr/lib/avr5\libm.a(fp_nan.o)
                              c:/program files (x86)/atmel/studio/7.0/toolchain/avr8/avr8-gnu-toolchain/bin/../lib/gcc/avr/5.4.0/../../../../avr/lib/avr5\libm.a(addsf3x.o) (__fp_nan)
c:/program files (x86)/atmel/studio/7.0/toolchain/avr8/avr8-gnu-toolchain/bin/../lib/gcc/avr/5.4.0/../../../../avr/lib/avr5\libm.a(fp_powser.o)
                              c:/program files (x86)/atmel/studio/7.0/toolchain/avr8/avr8-gnu-toolchain/bin/../lib/gcc/avr/5.4.0/../../../../avr/lib/avr5\libm.a(atan.o) (__fp_powser)
c:/program files (x86)/atmel/studio/7.0/toolchain/avr8/avr8-gnu-toolchain/bin/../lib/gcc/avr/5.4.0/../../../../avr/lib/avr5\libm.a(fp_pscA.o)
                              c:/program files (x86)/atmel/studio/7.0/toolchain/avr8/avr8-gnu-toolchain/bin/../lib/gcc/avr/5.4.0/../../../../avr/lib/avr5\libm.a(addsf3x.o) (__fp_pscA)
c:/program files (x86)/atmel/studio/7.0/toolchain/avr8/avr8-gnu-toolchain/bin/../lib/gcc/avr/5.4.0/../../../../avr/lib/avr5\libm.a(fp_pscB.o)
                              c:/program files (x86)/atmel/studio/7.0/toolchain/avr8/avr8-gnu-toolchain/bin/../lib/gcc/avr/5.4.0/../../../../avr/lib/avr5\libm.a(addsf3x.o) (__fp_pscB)
c:/program files (x86)/atmel/studio/7.0/toolchain/avr8/avr8-gnu-toolchain/bin/../lib/gcc/avr/5.4.0/../../../../avr/lib/avr5\libm.a(fp_round.o)
                              c:/program files (x86)/atmel/studio/7.0/toolchain/avr8/avr8-gnu-toolchain/bin/../lib/gcc/avr/5.4.0/../../../../avr/lib/avr5\libm.a(addsf3.o) (__fp_round)
c:/program files (x86)/atmel/studio/7.0/toolchain/avr8/avr8-gnu-toolchain/bin/../lib/gcc/avr/5.4.0/../../../../avr/lib/avr5\libm.a(fp_split3.o)
                              c:/program files (x86)/atmel/studio/7.0/toolchain/avr8/avr8-gnu-toolchain/bin/../lib/gcc/avr/5.4.0/../../../../avr/lib/avr5\libm.a(addsf3x.o) (__fp_split3)
c:/program files (x86)/atmel/studio/7.0/toolchain/avr8/avr8-gnu-toolchain/bin/../lib/gcc/avr/5.4.0/../../../../avr/lib/avr5\libm.a(fp_zero.o)
                              c:/program files (x86)/atmel/studio/7.0/toolchain/avr8/avr8-gnu-toolchain/bin/../lib/gcc/avr/5.4.0/../../../../avr/lib/avr5\libm.a(addsf3x.o) (__fp_zero)
c:/program files (x86)/atmel/studio/7.0/toolchain/avr8/avr8-gnu-toolchain/bin/../lib/gcc/avr/5.4.0/../../../../avr/lib/avr5\libm.a(inverse.o)
                              c:/program files (x86)/atmel/studio/7.0/toolchain/avr8/avr8-gnu-toolchain/bin/../lib/gcc/avr/5.4.0/../../../../avr/lib/avr5\libm.a(atan.o) (inverse)
c:/program files (x86)/atmel/studio/7.0/toolchain/avr8/avr8-gnu-toolchain/bin/../lib/gcc/avr/5.4.0/../../../../avr/lib/avr5\libm.a(mulsf3.o)
                              IMU.o (__mulsf3)
c:/program files (x86)/atmel/studio/7.0/toolchain/avr8/avr8-gnu-toolchain/bin/../lib/gcc/avr/5.4.0/../../../../avr/lib/avr5\libm.a(mulsf3x.o)
                              c:/program files (x86)/atmel/studio/7.0/toolchain/avr8/avr8-gnu-toolchain/bin/../lib/gcc/avr/5.4.0/../../../../avr/lib/avr5\libm.a(atan.o) (__mulsf3x)
c:/program files (x86)/atmel/studio/7.0/toolchain/avr8/avr8-gnu-toolchain/bin/../lib/gcc/avr/5.4.0/../../../../avr/lib/avr5\libm.a(sqrt.o)
                              IMU.o (sqrt)
c:/program files (x86)/atmel/studio/7.0/toolchain/avr8/avr8-gnu-toolchain/bin/../lib/gcc/avr/5.4.0/../../../../avr/lib/avr5\libm.a(square.o)
                              c:/program files (x86)/atmel/studio/7.0/toolchain/avr8/avr8-gnu-toolchain/bin/../lib/gcc/avr/5.4.0/../../../../avr/lib/avr5\libm.a(atan.o) (square)
c:/program files (x86)/atmel/studio/7.0/toolchain/avr8/avr8-gnu-toolchain/bin/../lib/gcc/avr/5.4.0/../../../../avr/lib/avr5\libm.a(fp_mpack.o)
                              c:/program files (x86)/atmel/studio/7.0/toolchain/avr8/avr8-gnu-toolchain/bin/../lib/gcc/avr/5.4.0/../../../../avr/lib/avr5\libm.a(sqrt.o) (__fp_mpack)
c:/program files (x86)/atmel/studio/7.0/toolchain/avr8/avr8-gnu-toolchain/bin/../lib/gcc/avr/5.4.0/../../../../avr/lib/avr5\libm.a(fp_norm2.o)
                              c:/program files (x86)/atmel/studio/7.0/toolchain/avr8/avr8-gnu-toolchain/bin/../lib/gcc/avr/5.4.0/../../../../avr/lib/avr5\libm.a(sqrt.o) (__fp_norm2)
c:/program files (x86)/atmel/studio/7.0/toolchain/avr8/avr8-gnu-toolchain/bin/../lib/gcc/avr/5.4.0/avr5\libgcc.a(_divmodhi4.o)
                              PID.o (__divmodhi4)
c:/program files (x86)/atmel/studio/7.0/toolchain/avr8/avr8-gnu-toolchain/bin/../lib/gcc/avr/5.4.0/avr5\libgcc.a(_udivmodsi4.o)
                              Timer.o (__udivmodsi4)
c:/program files (x86)/atmel/studio/7.0/toolchain/avr8/avr8-gnu-toolchain/bin/../lib/gcc/avr/5.4.0/avr5\libgcc.a(_exit.o)
                              C:/Program Files (x86)/Atmel/Studio/7.0/Packs/atmel/ATmega_DFP/1.2.209/gcc/dev/atmega32u4/avr5/crtatmega32u4.o (exit)
c:/program files (x86)/atmel/studio/7.0/toolchain/avr8/avr8-gnu-toolchain/bin/../lib/gcc/avr/5.4.0/avr5\libgcc.a(_copy_data.o)
                              I2C.o (__do_copy_data)
c:/program files (x86)/atmel/studio/7.0/toolchain/avr8/avr8-gnu-toolchain/bin/../lib/gcc/avr/5.4.0/avr5\libgcc.a(_clear_bss.o)
                              Gui.o (__do_clear_bss)
c:/program files (x86)/atmel/studio/7.0/toolchain/avr8/avr8-gnu-toolchain/bin/../lib/gcc/avr/5.4.0/avr5\libgcc.a(_umulhisi3.o)
                              Timer.o (__umulhisi3)
c:/program files (x86)/atmel/studio/7.0/toolchain/avr8/avr8-gnu-toolchain/bin/../lib/gcc/avr/5.4.0/avr5\libgcc.a(_udivmodhi4.o)
                              c:/program files (x86)/atmel/studio/7.0/toolchain/avr8/avr8-gnu-toolchain/bin/../lib/gcc/avr/5.4.0/avr5\libgcc.a(_divmodhi4.o) (__udivmodhi4)

Allocating common symbols
Common symbol       size              file

gyroz               0x4               IMU.o
last_sample_gyro    0x4               Gui.o
z_gyro_k            0x4               IMU.o
PID                 0x3               main.o
pid_d               0x1               main.o
error_pitch         0x1               main.o
gyroscope_z         0x2               IMU.o
error_roll_previous
                    0x1               main.o
x_acc_k             0x4               IMU.o
gyroscope_y         0x2               IMU.o
acceleration_y      0x2               IMU.o
accy                0x4               IMU.o
Angle_X_Acc         0x4               IMU.o
pid_i               0x1               main.o
AngleX              0x1               IMU.o
Angle_Y_Acc         0x4               IMU.o
error_pitch_previous
                    0x1               main.o
gyroscope_x         0x2               IMU.o
error_yaw           0x1               main.o
z_acc_k             0x4               IMU.o
error_yaw_previous  0x1               main.o
y_gyro_k            0x4               IMU.o
acceleration_z      0x2               IMU.o
acceleration_x      0x2               IMU.o
AngleY              0x1               IMU.o
accz                0x4               IMU.o
pid_p               0x1               main.o
error_roll          0x1               main.o
y_acc_k             0x4               IMU.o
gyrox               0x4               IMU.o
accx                0x4               IMU.o
gyroy               0x4               IMU.o
x_gyro_k            0x4               IMU.o

Discarded input sections

 .data          0x00000000        0x0 C:/Program Files (x86)/Atmel/Studio/7.0/Packs/atmel/ATmega_DFP/1.2.209/gcc/dev/atmega32u4/avr5/crtatmega32u4.o
 .bss           0x00000000        0x0 C:/Program Files (x86)/Atmel/Studio/7.0/Packs/atmel/ATmega_DFP/1.2.209/gcc/dev/atmega32u4/avr5/crtatmega32u4.o
 .text          0x00000000        0x0 Gui.o
 .data          0x00000000        0x0 Gui.o
 .bss           0x00000000        0x0 Gui.o
 .text          0x00000000        0x0 I2C.o
 .data          0x00000000        0x0 I2C.o
 .bss           0x00000000        0x0 I2C.o
 .text.TWI_send_8bit
                0x00000000       0x42 I2C.o
 .text.TWI_send_several_bit
                0x00000000       0x6e I2C.o
 .text          0x00000000        0x0 IMU.o
 .data          0x00000000        0x0 IMU.o
 .bss           0x00000000        0x0 IMU.o
 .text          0x00000000        0x0 main.o
 .data          0x00000000        0x0 main.o
 .bss           0x00000000        0x0 main.o
 .text          0x00000000        0x0 PID.o
 .data          0x00000000        0x0 PID.o
 .bss           0x00000000        0x0 PID.o
 .text.limit_bound
                0x00000000       0x10 PID.o
 .text.map_values
                0x00000000       0x48 PID.o
 .text          0x00000000        0x0 RX.o
 .data          0x00000000        0x0 RX.o
 .bss           0x00000000        0x0 RX.o
 .text.Int_0_En
                0x00000000        0xc RX.o
 .text.Int_1_En
                0x00000000        0xc RX.o
 .text.Int_2_En
                0x00000000        0xc RX.o
 .text.Int_3_En
                0x00000000        0xc RX.o
 .text.Interrupt_Init_Rising_INT0
                0x00000000       0x12 RX.o
 .text.Interrupt_Init_Rising_INT1
                0x00000000       0x12 RX.o
 .text.Interrupt_Init_Rising_INT2
                0x00000000       0x12 RX.o
 .text.Interrupt_Init_Rising_INT3
                0x00000000       0x12 RX.o
 .text.Interrupt_Init_Falling_INT0
                0x00000000       0x1c RX.o
 .text.Interrupt_Init_Falling_INT1
                0x00000000       0x1c RX.o
 .text.Interrupt_Init_Falling_INT2
                0x00000000       0x1c RX.o
 .text.Interrupt_Init_Falling_INT3
                0x00000000       0x1c RX.o
 .text.Pin_Change_Disen
                0x00000000        0x6 RX.o
 .bss.int_period_1
                0x00000000        0x4 RX.o
 .bss.aux3      0x00000000        0x1 RX.o
 .bss.aux2      0x00000000        0x1 RX.o
 .text          0x00000000        0x0 Timer.o
 .data          0x00000000        0x0 Timer.o
 .bss           0x00000000        0x0 Timer.o
 .text.timer_8bit_PWM_init
                0x00000000        0xe Timer.o
 .text.timer_8bit_PWM_setFreq
                0x00000000        0x4 Timer.o
 .text.timer1_16bit_PWM_initA
                0x00000000       0x18 Timer.o
 .text.timer1_16bit_PWM_initB
                0x00000000       0x10 Timer.o
 .text.timer1_16bit_PWM_initC
                0x00000000       0x10 Timer.o
 .text.timer1_16bit_PWM_A
                0x00000000       0x86 Timer.o
 .text.timer1_16bit_PWM_B
                0x00000000       0x86 Timer.o
 .text.timer1_16bit_PWM_C
                0x00000000       0x86 Timer.o
 .text.timer_16bit_INT_init_1_TOP
                0x00000000        0xc Timer.o
 .text.timer_16bit_INT_init_1_BOTTOM
                0x00000000        0xc Timer.o
 .text.timer_16bit_INT_init_3_TOP
                0x00000000        0xc Timer.o
 .text.timer_16bit_INT_init_3_BOTTOM
                0x00000000        0xc Timer.o
 .text.timer_8bit_INT_init_OVF
                0x00000000        0xc Timer.o
 .text          0x00000000        0x0 USART.o
 .data          0x00000000        0x0 USART.o
 .bss           0x00000000        0x0 USART.o
 .text.USART_Transmit_Integer
                0x00000000       0x10 USART.o
 .text          0x00000000        0x0 c:/program files (x86)/atmel/studio/7.0/toolchain/avr8/avr8-gnu-toolchain/bin/../lib/gcc/avr/5.4.0/../../../../avr/lib/avr5\libm.a(addsf3.o)
 .data          0x00000000        0x0 c:/program files (x86)/atmel/studio/7.0/toolchain/avr8/avr8-gnu-toolchain/bin/../lib/gcc/avr/5.4.0/../../../../avr/lib/avr5\libm.a(addsf3.o)
 .bss           0x00000000        0x0 c:/program files (x86)/atmel/studio/7.0/toolchain/avr8/avr8-gnu-toolchain/bin/../lib/gcc/avr/5.4.0/../../../../avr/lib/avr5\libm.a(addsf3.o)
 .text          0x00000000        0x0 c:/program files (x86)/atmel/studio/7.0/toolchain/avr8/avr8-gnu-toolchain/bin/../lib/gcc/avr/5.4.0/../../../../avr/lib/avr5\libm.a(addsf3x.o)
 .data          0x00000000        0x0 c:/program files (x86)/atmel/studio/7.0/toolchain/avr8/avr8-gnu-toolchain/bin/../lib/gcc/avr/5.4.0/../../../../avr/lib/avr5\libm.a(addsf3x.o)
 .bss           0x00000000        0x0 c:/program files (x86)/atmel/studio/7.0/toolchain/avr8/avr8-gnu-toolchain/bin/../lib/gcc/avr/5.4.0/../../../../avr/lib/avr5\libm.a(addsf3x.o)
 .text          0x00000000        0x0 c:/program files (x86)/atmel/studio/7.0/toolchain/avr8/avr8-gnu-toolchain/bin/../lib/gcc/avr/5.4.0/../../../../avr/lib/avr5\libm.a(atan.o)
 .data          0x00000000        0x0 c:/program files (x86)/atmel/studio/7.0/toolchain/avr8/avr8-gnu-toolchain/bin/../lib/gcc/avr/5.4.0/../../../../avr/lib/avr5\libm.a(atan.o)
 .bss           0x00000000        0x0 c:/program files (x86)/atmel/studio/7.0/toolchain/avr8/avr8-gnu-toolchain/bin/../lib/gcc/avr/5.4.0/../../../../avr/lib/avr5\libm.a(atan.o)
 .text          0x00000000        0x0 c:/program files (x86)/atmel/studio/7.0/toolchain/avr8/avr8-gnu-toolchain/bin/../lib/gcc/avr/5.4.0/../../../../avr/lib/avr5\libm.a(divsf3.o)
 .data          0x00000000        0x0 c:/program files (x86)/atmel/studio/7.0/toolchain/avr8/avr8-gnu-toolchain/bin/../lib/gcc/avr/5.4.0/../../../../avr/lib/avr5\libm.a(divsf3.o)
 .bss           0x00000000        0x0 c:/program files (x86)/atmel/studio/7.0/toolchain/avr8/avr8-gnu-toolchain/bin/../lib/gcc/avr/5.4.0/../../../../avr/lib/avr5\libm.a(divsf3.o)
 .text          0x00000000        0x0 c:/program files (x86)/atmel/studio/7.0/toolchain/avr8/avr8-gnu-toolchain/bin/../lib/gcc/avr/5.4.0/../../../../avr/lib/avr5\libm.a(divsf3x.o)
 .data          0x00000000        0x0 c:/program files (x86)/atmel/studio/7.0/toolchain/avr8/avr8-gnu-toolchain/bin/../lib/gcc/avr/5.4.0/../../../../avr/lib/avr5\libm.a(divsf3x.o)
 .bss           0x00000000        0x0 c:/program files (x86)/atmel/studio/7.0/toolchain/avr8/avr8-gnu-toolchain/bin/../lib/gcc/avr/5.4.0/../../../../avr/lib/avr5\libm.a(divsf3x.o)
 .text          0x00000000        0x0 c:/program files (x86)/atmel/studio/7.0/toolchain/avr8/avr8-gnu-toolchain/bin/../lib/gcc/avr/5.4.0/../../../../avr/lib/avr5\libm.a(fixsfsi.o)
 .data          0x00000000        0x0 c:/program files (x86)/atmel/studio/7.0/toolchain/avr8/avr8-gnu-toolchain/bin/../lib/gcc/avr/5.4.0/../../../../avr/lib/avr5\libm.a(fixsfsi.o)
 .bss           0x00000000        0x0 c:/program files (x86)/atmel/studio/7.0/toolchain/avr8/avr8-gnu-toolchain/bin/../lib/gcc/avr/5.4.0/../../../../avr/lib/avr5\libm.a(fixsfsi.o)
 .text          0x00000000        0x0 c:/program files (x86)/atmel/studio/7.0/toolchain/avr8/avr8-gnu-toolchain/bin/../lib/gcc/avr/5.4.0/../../../../avr/lib/avr5\libm.a(fixunssfsi.o)
 .data          0x00000000        0x0 c:/program files (x86)/atmel/studio/7.0/toolchain/avr8/avr8-gnu-toolchain/bin/../lib/gcc/avr/5.4.0/../../../../avr/lib/avr5\libm.a(fixunssfsi.o)
 .bss           0x00000000        0x0 c:/program files (x86)/atmel/studio/7.0/toolchain/avr8/avr8-gnu-toolchain/bin/../lib/gcc/avr/5.4.0/../../../../avr/lib/avr5\libm.a(fixunssfsi.o)
 .text          0x00000000        0x0 c:/program files (x86)/atmel/studio/7.0/toolchain/avr8/avr8-gnu-toolchain/bin/../lib/gcc/avr/5.4.0/../../../../avr/lib/avr5\libm.a(floatsisf.o)
 .data          0x00000000        0x0 c:/program files (x86)/atmel/studio/7.0/toolchain/avr8/avr8-gnu-toolchain/bin/../lib/gcc/avr/5.4.0/../../../../avr/lib/avr5\libm.a(floatsisf.o)
 .bss           0x00000000        0x0 c:/program files (x86)/atmel/studio/7.0/toolchain/avr8/avr8-gnu-toolchain/bin/../lib/gcc/avr/5.4.0/../../../../avr/lib/avr5\libm.a(floatsisf.o)
 .text          0x00000000        0x0 c:/program files (x86)/atmel/studio/7.0/toolchain/avr8/avr8-gnu-toolchain/bin/../lib/gcc/avr/5.4.0/../../../../avr/lib/avr5\libm.a(fp_inf.o)
 .data          0x00000000        0x0 c:/program files (x86)/atmel/studio/7.0/toolchain/avr8/avr8-gnu-toolchain/bin/../lib/gcc/avr/5.4.0/../../../../avr/lib/avr5\libm.a(fp_inf.o)
 .bss           0x00000000        0x0 c:/program files (x86)/atmel/studio/7.0/toolchain/avr8/avr8-gnu-toolchain/bin/../lib/gcc/avr/5.4.0/../../../../avr/lib/avr5\libm.a(fp_inf.o)
 .text          0x00000000        0x0 c:/program files (x86)/atmel/studio/7.0/toolchain/avr8/avr8-gnu-toolchain/bin/../lib/gcc/avr/5.4.0/../../../../avr/lib/avr5\libm.a(fp_nan.o)
 .data          0x00000000        0x0 c:/program files (x86)/atmel/studio/7.0/toolchain/avr8/avr8-gnu-toolchain/bin/../lib/gcc/avr/5.4.0/../../../../avr/lib/avr5\libm.a(fp_nan.o)
 .bss           0x00000000        0x0 c:/program files (x86)/atmel/studio/7.0/toolchain/avr8/avr8-gnu-toolchain/bin/../lib/gcc/avr/5.4.0/../../../../avr/lib/avr5\libm.a(fp_nan.o)
 .text          0x00000000        0x0 c:/program files (x86)/atmel/studio/7.0/toolchain/avr8/avr8-gnu-toolchain/bin/../lib/gcc/avr/5.4.0/../../../../avr/lib/avr5\libm.a(fp_powser.o)
 .data          0x00000000        0x0 c:/program files (x86)/atmel/studio/7.0/toolchain/avr8/avr8-gnu-toolchain/bin/../lib/gcc/avr/5.4.0/../../../../avr/lib/avr5\libm.a(fp_powser.o)
 .bss           0x00000000        0x0 c:/program files (x86)/atmel/studio/7.0/toolchain/avr8/avr8-gnu-toolchain/bin/../lib/gcc/avr/5.4.0/../../../../avr/lib/avr5\libm.a(fp_powser.o)
 .text          0x00000000        0x0 c:/program files (x86)/atmel/studio/7.0/toolchain/avr8/avr8-gnu-toolchain/bin/../lib/gcc/avr/5.4.0/../../../../avr/lib/avr5\libm.a(fp_pscA.o)
 .data          0x00000000        0x0 c:/program files (x86)/atmel/studio/7.0/toolchain/avr8/avr8-gnu-toolchain/bin/../lib/gcc/avr/5.4.0/../../../../avr/lib/avr5\libm.a(fp_pscA.o)
 .bss           0x00000000        0x0 c:/program files (x86)/atmel/studio/7.0/toolchain/avr8/avr8-gnu-toolchain/bin/../lib/gcc/avr/5.4.0/../../../../avr/lib/avr5\libm.a(fp_pscA.o)
 .text          0x00000000        0x0 c:/program files (x86)/atmel/studio/7.0/toolchain/avr8/avr8-gnu-toolchain/bin/../lib/gcc/avr/5.4.0/../../../../avr/lib/avr5\libm.a(fp_pscB.o)
 .data          0x00000000        0x0 c:/program files (x86)/atmel/studio/7.0/toolchain/avr8/avr8-gnu-toolchain/bin/../lib/gcc/avr/5.4.0/../../../../avr/lib/avr5\libm.a(fp_pscB.o)
 .bss           0x00000000        0x0 c:/program files (x86)/atmel/studio/7.0/toolchain/avr8/avr8-gnu-toolchain/bin/../lib/gcc/avr/5.4.0/../../../../avr/lib/avr5\libm.a(fp_pscB.o)
 .text          0x00000000        0x0 c:/program files (x86)/atmel/studio/7.0/toolchain/avr8/avr8-gnu-toolchain/bin/../lib/gcc/avr/5.4.0/../../../../avr/lib/avr5\libm.a(fp_round.o)
 .data          0x00000000        0x0 c:/program files (x86)/atmel/studio/7.0/toolchain/avr8/avr8-gnu-toolchain/bin/../lib/gcc/avr/5.4.0/../../../../avr/lib/avr5\libm.a(fp_round.o)
 .bss           0x00000000        0x0 c:/program files (x86)/atmel/studio/7.0/toolchain/avr8/avr8-gnu-toolchain/bin/../lib/gcc/avr/5.4.0/../../../../avr/lib/avr5\libm.a(fp_round.o)
 .text          0x00000000        0x0 c:/program files (x86)/atmel/studio/7.0/toolchain/avr8/avr8-gnu-toolchain/bin/../lib/gcc/avr/5.4.0/../../../../avr/lib/avr5\libm.a(fp_split3.o)
 .data          0x00000000        0x0 c:/program files (x86)/atmel/studio/7.0/toolchain/avr8/avr8-gnu-toolchain/bin/../lib/gcc/avr/5.4.0/../../../../avr/lib/avr5\libm.a(fp_split3.o)
 .bss           0x00000000        0x0 c:/program files (x86)/atmel/studio/7.0/toolchain/avr8/avr8-gnu-toolchain/bin/../lib/gcc/avr/5.4.0/../../../../avr/lib/avr5\libm.a(fp_split3.o)
 .text          0x00000000        0x0 c:/program files (x86)/atmel/studio/7.0/toolchain/avr8/avr8-gnu-toolchain/bin/../lib/gcc/avr/5.4.0/../../../../avr/lib/avr5\libm.a(fp_zero.o)
 .data          0x00000000        0x0 c:/program files (x86)/atmel/studio/7.0/toolchain/avr8/avr8-gnu-toolchain/bin/../lib/gcc/avr/5.4.0/../../../../avr/lib/avr5\libm.a(fp_zero.o)
 .bss           0x00000000        0x0 c:/program files (x86)/atmel/studio/7.0/toolchain/avr8/avr8-gnu-toolchain/bin/../lib/gcc/avr/5.4.0/../../../../avr/lib/avr5\libm.a(fp_zero.o)
 .text          0x00000000        0x0 c:/program files (x86)/atmel/studio/7.0/toolchain/avr8/avr8-gnu-toolchain/bin/../lib/gcc/avr/5.4.0/../../../../avr/lib/avr5\libm.a(inverse.o)
 .data          0x00000000        0x0 c:/program files (x86)/atmel/studio/7.0/toolchain/avr8/avr8-gnu-toolchain/bin/../lib/gcc/avr/5.4.0/../../../../avr/lib/avr5\libm.a(inverse.o)
 .bss           0x00000000        0x0 c:/program files (x86)/atmel/studio/7.0/toolchain/avr8/avr8-gnu-toolchain/bin/../lib/gcc/avr/5.4.0/../../../../avr/lib/avr5\libm.a(inverse.o)
 .text          0x00000000        0x0 c:/program files (x86)/atmel/studio/7.0/toolchain/avr8/avr8-gnu-toolchain/bin/../lib/gcc/avr/5.4.0/../../../../avr/lib/avr5\libm.a(mulsf3.o)
 .data          0x00000000        0x0 c:/program files (x86)/atmel/studio/7.0/toolchain/avr8/avr8-gnu-toolchain/bin/../lib/gcc/avr/5.4.0/../../../../avr/lib/avr5\libm.a(mulsf3.o)
 .bss           0x00000000        0x0 c:/program files (x86)/atmel/studio/7.0/toolchain/avr8/avr8-gnu-toolchain/bin/../lib/gcc/avr/5.4.0/../../../../avr/lib/avr5\libm.a(mulsf3.o)
 .text          0x00000000        0x0 c:/program files (x86)/atmel/studio/7.0/toolchain/avr8/avr8-gnu-toolchain/bin/../lib/gcc/avr/5.4.0/../../../../avr/lib/avr5\libm.a(mulsf3x.o)
 .data          0x00000000        0x0 c:/program files (x86)/atmel/studio/7.0/toolchain/avr8/avr8-gnu-toolchain/bin/../lib/gcc/avr/5.4.0/../../../../avr/lib/avr5\libm.a(mulsf3x.o)
 .bss           0x00000000        0x0 c:/program files (x86)/atmel/studio/7.0/toolchain/avr8/avr8-gnu-toolchain/bin/../lib/gcc/avr/5.4.0/../../../../avr/lib/avr5\libm.a(mulsf3x.o)
 .text          0x00000000        0x0 c:/program files (x86)/atmel/studio/7.0/toolchain/avr8/avr8-gnu-toolchain/bin/../lib/gcc/avr/5.4.0/../../../../avr/lib/avr5\libm.a(sqrt.o)
 .data          0x00000000        0x0 c:/program files (x86)/atmel/studio/7.0/toolchain/avr8/avr8-gnu-toolchain/bin/../lib/gcc/avr/5.4.0/../../../../avr/lib/avr5\libm.a(sqrt.o)
 .bss           0x00000000        0x0 c:/program files (x86)/atmel/studio/7.0/toolchain/avr8/avr8-gnu-toolchain/bin/../lib/gcc/avr/5.4.0/../../../../avr/lib/avr5\libm.a(sqrt.o)
 .text          0x00000000        0x0 c:/program files (x86)/atmel/studio/7.0/toolchain/avr8/avr8-gnu-toolchain/bin/../lib/gcc/avr/5.4.0/../../../../avr/lib/avr5\libm.a(square.o)
 .data          0x00000000        0x0 c:/program files (x86)/atmel/studio/7.0/toolchain/avr8/avr8-gnu-toolchain/bin/../lib/gcc/avr/5.4.0/../../../../avr/lib/avr5\libm.a(square.o)
 .bss           0x00000000        0x0 c:/program files (x86)/atmel/studio/7.0/toolchain/avr8/avr8-gnu-toolchain/bin/../lib/gcc/avr/5.4.0/../../../../avr/lib/avr5\libm.a(square.o)
 .text          0x00000000        0x0 c:/program files (x86)/atmel/studio/7.0/toolchain/avr8/avr8-gnu-toolchain/bin/../lib/gcc/avr/5.4.0/../../../../avr/lib/avr5\libm.a(fp_mpack.o)
 .data          0x00000000        0x0 c:/program files (x86)/atmel/studio/7.0/toolchain/avr8/avr8-gnu-toolchain/bin/../lib/gcc/avr/5.4.0/../../../../avr/lib/avr5\libm.a(fp_mpack.o)
 .bss           0x00000000        0x0 c:/program files (x86)/atmel/studio/7.0/toolchain/avr8/avr8-gnu-toolchain/bin/../lib/gcc/avr/5.4.0/../../../../avr/lib/avr5\libm.a(fp_mpack.o)
 .text          0x00000000        0x0 c:/program files (x86)/atmel/studio/7.0/toolchain/avr8/avr8-gnu-toolchain/bin/../lib/gcc/avr/5.4.0/../../../../avr/lib/avr5\libm.a(fp_norm2.o)
 .data          0x00000000        0x0 c:/program files (x86)/atmel/studio/7.0/toolchain/avr8/avr8-gnu-toolchain/bin/../lib/gcc/avr/5.4.0/../../../../avr/lib/avr5\libm.a(fp_norm2.o)
 .bss           0x00000000        0x0 c:/program files (x86)/atmel/studio/7.0/toolchain/avr8/avr8-gnu-toolchain/bin/../lib/gcc/avr/5.4.0/../../../../avr/lib/avr5\libm.a(fp_norm2.o)
 .text          0x00000000        0x0 c:/program files (x86)/atmel/studio/7.0/toolchain/avr8/avr8-gnu-toolchain/bin/../lib/gcc/avr/5.4.0/avr5\libgcc.a(_divmodhi4.o)
 .data          0x00000000        0x0 c:/program files (x86)/atmel/studio/7.0/toolchain/avr8/avr8-gnu-toolchain/bin/../lib/gcc/avr/5.4.0/avr5\libgcc.a(_divmodhi4.o)
 .bss           0x00000000        0x0 c:/program files (x86)/atmel/studio/7.0/toolchain/avr8/avr8-gnu-toolchain/bin/../lib/gcc/avr/5.4.0/avr5\libgcc.a(_divmodhi4.o)
 .text.libgcc.mul
                0x00000000        0x0 c:/program files (x86)/atmel/studio/7.0/toolchain/avr8/avr8-gnu-toolchain/bin/../lib/gcc/avr/5.4.0/avr5\libgcc.a(_divmodhi4.o)
 .text.libgcc   0x00000000        0x0 c:/program files (x86)/atmel/studio/7.0/toolchain/avr8/avr8-gnu-toolchain/bin/../lib/gcc/avr/5.4.0/avr5\libgcc.a(_divmodhi4.o)
 .text.libgcc.prologue
                0x00000000        0x0 c:/program files (x86)/atmel/studio/7.0/toolchain/avr8/avr8-gnu-toolchain/bin/../lib/gcc/avr/5.4.0/avr5\libgcc.a(_divmodhi4.o)
 .text.libgcc.builtins
                0x00000000        0x0 c:/program files (x86)/atmel/studio/7.0/toolchain/avr8/avr8-gnu-toolchain/bin/../lib/gcc/avr/5.4.0/avr5\libgcc.a(_divmodhi4.o)
 .text.libgcc.fmul
                0x00000000        0x0 c:/program files (x86)/atmel/studio/7.0/toolchain/avr8/avr8-gnu-toolchain/bin/../lib/gcc/avr/5.4.0/avr5\libgcc.a(_divmodhi4.o)
 .text.libgcc.fixed
                0x00000000        0x0 c:/program files (x86)/atmel/studio/7.0/toolchain/avr8/avr8-gnu-toolchain/bin/../lib/gcc/avr/5.4.0/avr5\libgcc.a(_divmodhi4.o)
 .text          0x00000000        0x0 c:/program files (x86)/atmel/studio/7.0/toolchain/avr8/avr8-gnu-toolchain/bin/../lib/gcc/avr/5.4.0/avr5\libgcc.a(_udivmodsi4.o)
 .data          0x00000000        0x0 c:/program files (x86)/atmel/studio/7.0/toolchain/avr8/avr8-gnu-toolchain/bin/../lib/gcc/avr/5.4.0/avr5\libgcc.a(_udivmodsi4.o)
 .bss           0x00000000        0x0 c:/program files (x86)/atmel/studio/7.0/toolchain/avr8/avr8-gnu-toolchain/bin/../lib/gcc/avr/5.4.0/avr5\libgcc.a(_udivmodsi4.o)
 .text.libgcc.mul
                0x00000000        0x0 c:/program files (x86)/atmel/studio/7.0/toolchain/avr8/avr8-gnu-toolchain/bin/../lib/gcc/avr/5.4.0/avr5\libgcc.a(_udivmodsi4.o)
 .text.libgcc   0x00000000        0x0 c:/program files (x86)/atmel/studio/7.0/toolchain/avr8/avr8-gnu-toolchain/bin/../lib/gcc/avr/5.4.0/avr5\libgcc.a(_udivmodsi4.o)
 .text.libgcc.prologue
                0x00000000        0x0 c:/program files (x86)/atmel/studio/7.0/toolchain/avr8/avr8-gnu-toolchain/bin/../lib/gcc/avr/5.4.0/avr5\libgcc.a(_udivmodsi4.o)
 .text.libgcc.builtins
                0x00000000        0x0 c:/program files (x86)/atmel/studio/7.0/toolchain/avr8/avr8-gnu-toolchain/bin/../lib/gcc/avr/5.4.0/avr5\libgcc.a(_udivmodsi4.o)
 .text.libgcc.fmul
                0x00000000        0x0 c:/program files (x86)/atmel/studio/7.0/toolchain/avr8/avr8-gnu-toolchain/bin/../lib/gcc/avr/5.4.0/avr5\libgcc.a(_udivmodsi4.o)
 .text.libgcc.fixed
                0x00000000        0x0 c:/program files (x86)/atmel/studio/7.0/toolchain/avr8/avr8-gnu-toolchain/bin/../lib/gcc/avr/5.4.0/avr5\libgcc.a(_udivmodsi4.o)
 .text          0x00000000        0x0 c:/program files (x86)/atmel/studio/7.0/toolchain/avr8/avr8-gnu-toolchain/bin/../lib/gcc/avr/5.4.0/avr5\libgcc.a(_exit.o)
 .data          0x00000000        0x0 c:/program files (x86)/atmel/studio/7.0/toolchain/avr8/avr8-gnu-toolchain/bin/../lib/gcc/avr/5.4.0/avr5\libgcc.a(_exit.o)
 .bss           0x00000000        0x0 c:/program files (x86)/atmel/studio/7.0/toolchain/avr8/avr8-gnu-toolchain/bin/../lib/gcc/avr/5.4.0/avr5\libgcc.a(_exit.o)
 .text.libgcc.mul
                0x00000000        0x0 c:/program files (x86)/atmel/studio/7.0/toolchain/avr8/avr8-gnu-toolchain/bin/../lib/gcc/avr/5.4.0/avr5\libgcc.a(_exit.o)
 .text.libgcc.div
                0x00000000        0x0 c:/program files (x86)/atmel/studio/7.0/toolchain/avr8/avr8-gnu-toolchain/bin/../lib/gcc/avr/5.4.0/avr5\libgcc.a(_exit.o)
 .text.libgcc   0x00000000        0x0 c:/program files (x86)/atmel/studio/7.0/toolchain/avr8/avr8-gnu-toolchain/bin/../lib/gcc/avr/5.4.0/avr5\libgcc.a(_exit.o)
 .text.libgcc.prologue
                0x00000000        0x0 c:/program files (x86)/atmel/studio/7.0/toolchain/avr8/avr8-gnu-toolchain/bin/../lib/gcc/avr/5.4.0/avr5\libgcc.a(_exit.o)
 .text.libgcc.builtins
                0x00000000        0x0 c:/program files (x86)/atmel/studio/7.0/toolchain/avr8/avr8-gnu-toolchain/bin/../lib/gcc/avr/5.4.0/avr5\libgcc.a(_exit.o)
 .text.libgcc.fmul
                0x00000000        0x0 c:/program files (x86)/atmel/studio/7.0/toolchain/avr8/avr8-gnu-toolchain/bin/../lib/gcc/avr/5.4.0/avr5\libgcc.a(_exit.o)
 .text.libgcc.fixed
                0x00000000        0x0 c:/program files (x86)/atmel/studio/7.0/toolchain/avr8/avr8-gnu-toolchain/bin/../lib/gcc/avr/5.4.0/avr5\libgcc.a(_exit.o)
 .text          0x00000000        0x0 c:/program files (x86)/atmel/studio/7.0/toolchain/avr8/avr8-gnu-toolchain/bin/../lib/gcc/avr/5.4.0/avr5\libgcc.a(_copy_data.o)
 .data          0x00000000        0x0 c:/program files (x86)/atmel/studio/7.0/toolchain/avr8/avr8-gnu-toolchain/bin/../lib/gcc/avr/5.4.0/avr5\libgcc.a(_copy_data.o)
 .bss           0x00000000        0x0 c:/program files (x86)/atmel/studio/7.0/toolchain/avr8/avr8-gnu-toolchain/bin/../lib/gcc/avr/5.4.0/avr5\libgcc.a(_copy_data.o)
 .text.libgcc.mul
                0x00000000        0x0 c:/program files (x86)/atmel/studio/7.0/toolchain/avr8/avr8-gnu-toolchain/bin/../lib/gcc/avr/5.4.0/avr5\libgcc.a(_copy_data.o)
 .text.libgcc.div
                0x00000000        0x0 c:/program files (x86)/atmel/studio/7.0/toolchain/avr8/avr8-gnu-toolchain/bin/../lib/gcc/avr/5.4.0/avr5\libgcc.a(_copy_data.o)
 .text.libgcc   0x00000000        0x0 c:/program files (x86)/atmel/studio/7.0/toolchain/avr8/avr8-gnu-toolchain/bin/../lib/gcc/avr/5.4.0/avr5\libgcc.a(_copy_data.o)
 .text.libgcc.prologue
                0x00000000        0x0 c:/program files (x86)/atmel/studio/7.0/toolchain/avr8/avr8-gnu-toolchain/bin/../lib/gcc/avr/5.4.0/avr5\libgcc.a(_copy_data.o)
 .text.libgcc.builtins
                0x00000000        0x0 c:/program files (x86)/atmel/studio/7.0/toolchain/avr8/avr8-gnu-toolchain/bin/../lib/gcc/avr/5.4.0/avr5\libgcc.a(_copy_data.o)
 .text.libgcc.fmul
                0x00000000        0x0 c:/program files (x86)/atmel/studio/7.0/toolchain/avr8/avr8-gnu-toolchain/bin/../lib/gcc/avr/5.4.0/avr5\libgcc.a(_copy_data.o)
 .text.libgcc.fixed
                0x00000000        0x0 c:/program files (x86)/atmel/studio/7.0/toolchain/avr8/avr8-gnu-toolchain/bin/../lib/gcc/avr/5.4.0/avr5\libgcc.a(_copy_data.o)
 .text          0x00000000        0x0 c:/program files (x86)/atmel/studio/7.0/toolchain/avr8/avr8-gnu-toolchain/bin/../lib/gcc/avr/5.4.0/avr5\libgcc.a(_clear_bss.o)
 .data          0x00000000        0x0 c:/program files (x86)/atmel/studio/7.0/toolchain/avr8/avr8-gnu-toolchain/bin/../lib/gcc/avr/5.4.0/avr5\libgcc.a(_clear_bss.o)
 .bss           0x00000000        0x0 c:/program files (x86)/atmel/studio/7.0/toolchain/avr8/avr8-gnu-toolchain/bin/../lib/gcc/avr/5.4.0/avr5\libgcc.a(_clear_bss.o)
 .text.libgcc.mul
                0x00000000        0x0 c:/program files (x86)/atmel/studio/7.0/toolchain/avr8/avr8-gnu-toolchain/bin/../lib/gcc/avr/5.4.0/avr5\libgcc.a(_clear_bss.o)
 .text.libgcc.div
                0x00000000        0x0 c:/program files (x86)/atmel/studio/7.0/toolchain/avr8/avr8-gnu-toolchain/bin/../lib/gcc/avr/5.4.0/avr5\libgcc.a(_clear_bss.o)
 .text.libgcc   0x00000000        0x0 c:/program files (x86)/atmel/studio/7.0/toolchain/avr8/avr8-gnu-toolchain/bin/../lib/gcc/avr/5.4.0/avr5\libgcc.a(_clear_bss.o)
 .text.libgcc.prologue
                0x00000000        0x0 c:/program files (x86)/atmel/studio/7.0/toolchain/avr8/avr8-gnu-toolchain/bin/../lib/gcc/avr/5.4.0/avr5\libgcc.a(_clear_bss.o)
 .text.libgcc.builtins
                0x00000000        0x0 c:/program files (x86)/atmel/studio/7.0/toolchain/avr8/avr8-gnu-toolchain/bin/../lib/gcc/avr/5.4.0/avr5\libgcc.a(_clear_bss.o)
 .text.libgcc.fmul
                0x00000000        0x0 c:/program files (x86)/atmel/studio/7.0/toolchain/avr8/avr8-gnu-toolchain/bin/../lib/gcc/avr/5.4.0/avr5\libgcc.a(_clear_bss.o)
 .text.libgcc.fixed
                0x00000000        0x0 c:/program files (x86)/atmel/studio/7.0/toolchain/avr8/avr8-gnu-toolchain/bin/../lib/gcc/avr/5.4.0/avr5\libgcc.a(_clear_bss.o)
 .text          0x00000000        0x0 c:/program files (x86)/atmel/studio/7.0/toolchain/avr8/avr8-gnu-toolchain/bin/../lib/gcc/avr/5.4.0/avr5\libgcc.a(_umulhisi3.o)
 .data          0x00000000        0x0 c:/program files (x86)/atmel/studio/7.0/toolchain/avr8/avr8-gnu-toolchain/bin/../lib/gcc/avr/5.4.0/avr5\libgcc.a(_umulhisi3.o)
 .bss           0x00000000        0x0 c:/program files (x86)/atmel/studio/7.0/toolchain/avr8/avr8-gnu-toolchain/bin/../lib/gcc/avr/5.4.0/avr5\libgcc.a(_umulhisi3.o)
 .text.libgcc.div
                0x00000000        0x0 c:/program files (x86)/atmel/studio/7.0/toolchain/avr8/avr8-gnu-toolchain/bin/../lib/gcc/avr/5.4.0/avr5\libgcc.a(_umulhisi3.o)
 .text.libgcc   0x00000000        0x0 c:/program files (x86)/atmel/studio/7.0/toolchain/avr8/avr8-gnu-toolchain/bin/../lib/gcc/avr/5.4.0/avr5\libgcc.a(_umulhisi3.o)
 .text.libgcc.prologue
                0x00000000        0x0 c:/program files (x86)/atmel/studio/7.0/toolchain/avr8/avr8-gnu-toolchain/bin/../lib/gcc/avr/5.4.0/avr5\libgcc.a(_umulhisi3.o)
 .text.libgcc.builtins
                0x00000000        0x0 c:/program files (x86)/atmel/studio/7.0/toolchain/avr8/avr8-gnu-toolchain/bin/../lib/gcc/avr/5.4.0/avr5\libgcc.a(_umulhisi3.o)
 .text.libgcc.fmul
                0x00000000        0x0 c:/program files (x86)/atmel/studio/7.0/toolchain/avr8/avr8-gnu-toolchain/bin/../lib/gcc/avr/5.4.0/avr5\libgcc.a(_umulhisi3.o)
 .text.libgcc.fixed
                0x00000000        0x0 c:/program files (x86)/atmel/studio/7.0/toolchain/avr8/avr8-gnu-toolchain/bin/../lib/gcc/avr/5.4.0/avr5\libgcc.a(_umulhisi3.o)
 .text          0x00000000        0x0 c:/program files (x86)/atmel/studio/7.0/toolchain/avr8/avr8-gnu-toolchain/bin/../lib/gcc/avr/5.4.0/avr5\libgcc.a(_udivmodhi4.o)
 .data          0x00000000        0x0 c:/program files (x86)/atmel/studio/7.0/toolchain/avr8/avr8-gnu-toolchain/bin/../lib/gcc/avr/5.4.0/avr5\libgcc.a(_udivmodhi4.o)
 .bss           0x00000000        0x0 c:/program files (x86)/atmel/studio/7.0/toolchain/avr8/avr8-gnu-toolchain/bin/../lib/gcc/avr/5.4.0/avr5\libgcc.a(_udivmodhi4.o)
 .text.libgcc.mul
                0x00000000        0x0 c:/program files (x86)/atmel/studio/7.0/toolchain/avr8/avr8-gnu-toolchain/bin/../lib/gcc/avr/5.4.0/avr5\libgcc.a(_udivmodhi4.o)
 .text.libgcc   0x00000000        0x0 c:/program files (x86)/atmel/studio/7.0/toolchain/avr8/avr8-gnu-toolchain/bin/../lib/gcc/avr/5.4.0/avr5\libgcc.a(_udivmodhi4.o)
 .text.libgcc.prologue
                0x00000000        0x0 c:/program files (x86)/atmel/studio/7.0/toolchain/avr8/avr8-gnu-toolchain/bin/../lib/gcc/avr/5.4.0/avr5\libgcc.a(_udivmodhi4.o)
 .text.libgcc.builtins
                0x00000000        0x0 c:/program files (x86)/atmel/studio/7.0/toolchain/avr8/avr8-gnu-toolchain/bin/../lib/gcc/avr/5.4.0/avr5\libgcc.a(_udivmodhi4.o)
 .text.libgcc.fmul
                0x00000000        0x0 c:/program files (x86)/atmel/studio/7.0/toolchain/avr8/avr8-gnu-toolchain/bin/../lib/gcc/avr/5.4.0/avr5\libgcc.a(_udivmodhi4.o)
 .text.libgcc.fixed
                0x00000000        0x0 c:/program files (x86)/atmel/studio/7.0/toolchain/avr8/avr8-gnu-toolchain/bin/../lib/gcc/avr/5.4.0/avr5\libgcc.a(_udivmodhi4.o)

Memory Configuration

Name             Origin             Length             Attributes
text             0x00000000         0x00020000         xr
data             0x00800060         0x0000ffa0         rw !x
eeprom           0x00810000         0x00010000         rw !x
fuse             0x00820000         0x00000003         rw !x
lock             0x00830000         0x00000400         rw !x
signature        0x00840000         0x00000400         rw !x
user_signatures  0x00850000         0x00000400         rw !x
*default*        0x00000000         0xffffffff

Linker script and memory map

Address of section .data set to 0x800100
LOAD C:/Program Files (x86)/Atmel/Studio/7.0/Packs/atmel/ATmega_DFP/1.2.209/gcc/dev/atmega32u4/avr5/crtatmega32u4.o
LOAD Gui.o
LOAD I2C.o
LOAD IMU.o
LOAD main.o
LOAD PID.o
LOAD RX.o
LOAD Timer.o
LOAD USART.o
START GROUP
LOAD c:/program files (x86)/atmel/studio/7.0/toolchain/avr8/avr8-gnu-toolchain/bin/../lib/gcc/avr/5.4.0/../../../../avr/lib/avr5\libm.a
END GROUP
START GROUP
LOAD c:/program files (x86)/atmel/studio/7.0/toolchain/avr8/avr8-gnu-toolchain/bin/../lib/gcc/avr/5.4.0/avr5\libgcc.a
LOAD c:/program files (x86)/atmel/studio/7.0/toolchain/avr8/avr8-gnu-toolchain/bin/../lib/gcc/avr/5.4.0/../../../../avr/lib/avr5\libm.a
LOAD c:/program files (x86)/atmel/studio/7.0/toolchain/avr8/avr8-gnu-toolchain/bin/../lib/gcc/avr/5.4.0/../../../../avr/lib/avr5\libc.a
LOAD C:/Program Files (x86)/Atmel/Studio/7.0/Packs/atmel/ATmega_DFP/1.2.209/gcc/dev/atmega32u4/avr5\libatmega32u4.a
END GROUP
                0x00020000                __TEXT_REGION_LENGTH__ = DEFINED (__TEXT_REGION_LENGTH__)?__TEXT_REGION_LENGTH__:0x20000
                0x0000ffa0                __DATA_REGION_LENGTH__ = DEFINED (__DATA_REGION_LENGTH__)?__DATA_REGION_LENGTH__:0xffa0
                0x00010000                __EEPROM_REGION_LENGTH__ = DEFINED (__EEPROM_REGION_LENGTH__)?__EEPROM_REGION_LENGTH__:0x10000
                [0x00000003]                __FUSE_REGION_LENGTH__ = DEFINED (__FUSE_REGION_LENGTH__)?__FUSE_REGION_LENGTH__:0x400
                0x00000400                __LOCK_REGION_LENGTH__ = DEFINED (__LOCK_REGION_LENGTH__)?__LOCK_REGION_LENGTH__:0x400
                0x00000400                __SIGNATURE_REGION_LENGTH__ = DEFINED (__SIGNATURE_REGION_LENGTH__)?__SIGNATURE_REGION_LENGTH__:0x400
                0x00000400                __USER_SIGNATURE_REGION_LENGTH__ = DEFINED (__USER_SIGNATURE_REGION_LENGTH__)?__USER_SIGNATURE_REGION_LENGTH__:0x400

.hash
 *(.hash)

.dynsym
 *(.dynsym)

.dynstr
 *(.dynstr)

.gnu.version
 *(.gnu.version)

.gnu.version_d
 *(.gnu.version_d)

.gnu.version_r
 *(.gnu.version_r)

.rel.init
 *(.rel.init)

.rela.init
 *(.rela.init)

.rel.text
 *(.rel.text)
 *(.rel.text.*)
 *(.rel.gnu.linkonce.t*)

.rela.text
 *(.rela.text)
 *(.rela.text.*)
 *(.rela.gnu.linkonce.t*)

.rel.fini
 *(.rel.fini)

.rela.fini
 *(.rela.fini)

.rel.rodata
 *(.rel.rodata)
 *(.rel.rodata.*)
 *(.rel.gnu.linkonce.r*)

.rela.rodata
 *(.rela.rodata)
 *(.rela.rodata.*)
 *(.rela.gnu.linkonce.r*)

.rel.data
 *(.rel.data)
 *(.rel.data.*)
 *(.rel.gnu.linkonce.d*)

.rela.data
 *(.rela.data)
 *(.rela.data.*)
 *(.rela.gnu.linkonce.d*)

.rel.ctors
 *(.rel.ctors)

.rela.ctors
 *(.rela.ctors)

.rel.dtors
 *(.rel.dtors)

.rela.dtors
 *(.rela.dtors)

.rel.got
 *(.rel.got)

.rela.got
 *(.rela.got)

.rel.bss
 *(.rel.bss)

.rela.bss
 *(.rela.bss)

.rel.plt
 *(.rel.plt)

.rela.plt
 *(.rela.plt)

.text           0x00000000     0x2840
 *(.vectors)
 .vectors       0x00000000       0xac C:/Program Files (x86)/Atmel/Studio/7.0/Packs/atmel/ATmega_DFP/1.2.209/gcc/dev/atmega32u4/avr5/crtatmega32u4.o
                0x00000000                __vector_default
                0x00000000                __vectors
 *(.vectors)
 *(.progmem.gcc*)
 .progmem.gcc_fplib
                0x000000ac       0x2d c:/program files (x86)/atmel/studio/7.0/toolchain/avr8/avr8-gnu-toolchain/bin/../lib/gcc/avr/5.4.0/../../../../avr/lib/avr5\libm.a(atan.o)
                0x000000da                . = ALIGN (0x2)
 *fill*         0x000000d9        0x1 
                0x000000da                __trampolines_start = .
 *(.trampolines)
 .trampolines   0x000000da        0x0 linker stubs
 *(.trampolines*)
                0x000000da                __trampolines_end = .
 *libprintf_flt.a:*(.progmem.data)
 *libc.a:*(.progmem.data)
 *(.progmem*)
                0x000000da                . = ALIGN (0x2)
 *(.jumptables)
 *(.jumptables*)
 *(.lowtext)
 *(.lowtext*)
                0x000000da                __ctors_start = .
 *(.ctors)
                0x000000da                __ctors_end = .
                0x000000da                __dtors_start = .
 *(.dtors)
                0x000000da                __dtors_end = .
 SORT(*)(.ctors)
 SORT(*)(.dtors)
 *(.init0)
 .init0         0x000000da        0x0 C:/Program Files (x86)/Atmel/Studio/7.0/Packs/atmel/ATmega_DFP/1.2.209/gcc/dev/atmega32u4/avr5/crtatmega32u4.o
                0x000000da                __init
 *(.init0)
 *(.init1)
 *(.init1)
 *(.init2)
 .init2         0x000000da        0xc C:/Program Files (x86)/Atmel/Studio/7.0/Packs/atmel/ATmega_DFP/1.2.209/gcc/dev/atmega32u4/avr5/crtatmega32u4.o
 *(.init2)
 *(.init3)
 *(.init3)
 *(.init4)
 .init4         0x000000e6       0x16 c:/program files (x86)/atmel/studio/7.0/toolchain/avr8/avr8-gnu-toolchain/bin/../lib/gcc/avr/5.4.0/avr5\libgcc.a(_copy_data.o)
                0x000000e6                __do_copy_data
 .init4         0x000000fc       0x10 c:/program files (x86)/atmel/studio/7.0/toolchain/avr8/avr8-gnu-toolchain/bin/../lib/gcc/avr/5.4.0/avr5\libgcc.a(_clear_bss.o)
                0x000000fc                __do_clear_bss
 *(.init4)
 *(.init5)
 *(.init5)
 *(.init6)
 *(.init6)
 *(.init7)
 *(.init7)
 *(.init8)
 *(.init8)
 *(.init9)
 .init9         0x0000010c        0x8 C:/Program Files (x86)/Atmel/Studio/7.0/Packs/atmel/ATmega_DFP/1.2.209/gcc/dev/atmega32u4/avr5/crtatmega32u4.o
 *(.init9)
 *(.text)
 .text          0x00000114        0x4 C:/Program Files (x86)/Atmel/Studio/7.0/Packs/atmel/ATmega_DFP/1.2.209/gcc/dev/atmega32u4/avr5/crtatmega32u4.o
                0x00000114                __vector_38
                0x00000114                __vector_22
                0x00000114                __vector_28
                0x00000114                __vector_1
                0x00000114                __vector_32
                0x00000114                __vector_34
                0x00000114                __vector_24
                0x00000114                __vector_12
                0x00000114                __bad_interrupt
                0x00000114                __vector_6
                0x00000114                __vector_39
                0x00000114                __vector_3
                0x00000114                __vector_23
                0x00000114                __vector_30
                0x00000114                __vector_11
                0x00000114                __vector_13
                0x00000114                __vector_17
                0x00000114                __vector_19
                0x00000114                __vector_41
                0x00000114                __vector_27
                0x00000114                __vector_5
                0x00000114                __vector_33
                0x00000114                __vector_37
                0x00000114                __vector_4
                0x00000114                __vector_2
                0x00000114                __vector_15
                0x00000114                __vector_36
                0x00000114                __vector_29
                0x00000114                __vector_40
                0x00000114                __vector_8
                0x00000114                __vector_26
                0x00000114                __vector_14
                0x00000114                __vector_10
                0x00000114                __vector_18
                0x00000114                __vector_42
                0x00000118                . = ALIGN (0x2)
 *(.text.*)
 .text.selected_value
                0x00000118      0x276 Gui.o
                0x00000118                selected_value
 .text.TWI_init
                0x0000038e        0xc I2C.o
                0x0000038e                TWI_init
 .text.TWI_start
                0x0000039a       0x62 I2C.o
                0x0000039a                TWI_start
 .text.TWI_address
                0x000003fc       0x68 I2C.o
                0x000003fc                TWI_address
 .text.TWI_send
                0x00000464       0x58 I2C.o
                0x00000464                TWI_send
 .text.TWI_receive_ack
                0x000004bc       0x56 I2C.o
                0x000004bc                TWI_receive_ack
 .text.TWI_receive_nack
                0x00000512       0x56 I2C.o
                0x00000512                TWI_receive_nack
 .text.TWI_stop
                0x00000568        0x8 I2C.o
                0x00000568                TWI_stop
 .text.TWI_send_16bit
                0x00000570       0x4e I2C.o
                0x00000570                TWI_send_16bit
 .text.TWI_receive_8bit
                0x000005be       0x68 I2C.o
                0x000005be                TWI_receive_8bit
 .text.TWI_receive_16bit
                0x00000626       0x78 I2C.o
                0x00000626                TWI_receive_16bit
 .text.read_acceleration
                0x0000069e      0x150 IMU.o
                0x0000069e                read_acceleration
 .text.read_gyroscope
                0x000007ee      0x114 IMU.o
                0x000007ee                read_gyroscope
 .text.IMU_Init
                0x00000902      0x10e IMU.o
                0x00000902                IMU_Init
 .text.IMU_who_i_am
                0x00000a10       0x24 IMU.o
                0x00000a10                IMU_who_i_am
 .text.temperature
                0x00000a34       0x4c IMU.o
                0x00000a34                temperature
 .text.computed_acceleration
                0x00000a80      0x114 IMU.o
                0x00000a80                computed_acceleration
 .text.computed_gyroscope
                0x00000b94       0xf0 IMU.o
                0x00000b94                computed_gyroscope
 .text.compute_angle_acc
                0x00000c84      0x27c IMU.o
                0x00000c84                compute_angle_acc
 .text.compute_angle_gyro
                0x00000f00      0x204 IMU.o
                0x00000f00                compute_angle_gyro
 .text.angle_filtered
                0x00001104       0xe4 IMU.o
                0x00001104                angle_filtered
 .text.main     0x000011e8       0x76 main.o
                0x000011e8                main
 .text.PID_Pitch
                0x0000125e      0x19c PID.o
                0x0000125e                PID_Pitch
 .text.PID_Roll
                0x000013fa      0x19c PID.o
                0x000013fa                PID_Roll
 .text.PID_Yaw  0x00001596      0x19c PID.o
                0x00001596                PID_Yaw
 .text.update_PIDs
                0x00001732       0x70 PID.o
                0x00001732                update_PIDs
 .text.update_motors
                0x000017a2       0x72 PID.o
                0x000017a2                update_motors
 .text.Int_6_En
                0x00001814        0xc RX.o
                0x00001814                Int_6_En
 .text.Interrupt_Init_Rising_INT6
                0x00001820       0x1e RX.o
                0x00001820                Interrupt_Init_Rising_INT6
 .text.Interrupt_Init_Falling_INT6
                0x0000183e       0x1c RX.o
                0x0000183e                Interrupt_Init_Falling_INT6
 .text.Pin_Change_En
                0x0000185a        0xe RX.o
                0x0000185a                Pin_Change_En
 .text.__vector_7
                0x00001868      0x1c8 RX.o
                0x00001868                __vector_7
 .text.__vector_9
                0x00001a30      0x306 RX.o
                0x00001a30                __vector_9
 .text.interrupt_init
                0x00001d36       0x10 RX.o
                0x00001d36                interrupt_init
 .text.timer3_16bit_PWM_initA
                0x00001d46       0x1a Timer.o
                0x00001d46                timer3_16bit_PWM_initA
 .text.timer1_16bit_PWM_initABC
                0x00001d60       0x18 Timer.o
                0x00001d60                timer1_16bit_PWM_initABC
 .text.timer_1_setCLK
                0x00001d78       0x76 Timer.o
                0x00001d78                timer_1_setCLK
 .text.timer1_16bit_PWM_ABC
                0x00001dee       0xbe Timer.o
                0x00001dee                timer1_16bit_PWM_ABC
 .text.timer_3_setCLK
                0x00001eac       0x76 Timer.o
                0x00001eac                timer_3_setCLK
 .text.timer3_16bit_PWM_A
                0x00001f22       0x86 Timer.o
                0x00001f22                timer3_16bit_PWM_A
 .text.timer_8bit_setCLK
                0x00001fa8       0x5e Timer.o
                0x00001fa8                timer_8bit_setCLK
 .text.timer_8bit_CTC_init
                0x00002006       0x14 Timer.o
                0x00002006                timer_8bit_CTC_init
 .text.timer_8bit_INT_init_COMPA
                0x0000201a        0xc Timer.o
                0x0000201a                timer_8bit_INT_init_COMPA
 .text.__vector_20
                0x00002026       0x14 Timer.o
                0x00002026                __vector_20
 .text.__vector_35
                0x0000203a       0x14 Timer.o
                0x0000203a                __vector_35
 .text.__vector_16
                0x0000204e       0x14 Timer.o
                0x0000204e                __vector_16
 .text.__vector_31
                0x00002062       0x14 Timer.o
                0x00002062                __vector_31
 .text.__vector_21
                0x00002076       0x70 Timer.o
                0x00002076                __vector_21
 .text.timer_init
                0x000020e6       0x18 Timer.o
                0x000020e6                timer_init
 .text.USART_Init
                0x000020fe       0x54 USART.o
                0x000020fe                USART_Init
 .text.USART_Transmit
                0x00002152       0x10 USART.o
                0x00002152                USART_Transmit
 .text.USART_String
                0x00002162       0x2a USART.o
                0x00002162                USART_String
 .text.__vector_25
                0x0000218c       0x64 USART.o
                0x0000218c                __vector_25
 .text.avr-libc.fplib
                0x000021f0        0xe c:/program files (x86)/atmel/studio/7.0/toolchain/avr8/avr8-gnu-toolchain/bin/../lib/gcc/avr/5.4.0/../../../../avr/lib/avr5\libm.a(addsf3.o)
                0x000021f0                __subsf3
                0x000021f2                __addsf3
 .text.avr-libc.fplib
                0x000021fe       0xcc c:/program files (x86)/atmel/studio/7.0/toolchain/avr8/avr8-gnu-toolchain/bin/../lib/gcc/avr/5.4.0/../../../../avr/lib/avr5\libm.a(addsf3x.o)
                0x00002220                __addsf3x
 .text.avr-libc.fplib
                0x000022ca       0x5e c:/program files (x86)/atmel/studio/7.0/toolchain/avr8/avr8-gnu-toolchain/bin/../lib/gcc/avr/5.4.0/../../../../avr/lib/avr5\libm.a(atan.o)
                0x000022ca                atan
 .text.avr-libc.fplib
                0x00002328        0x8 c:/program files (x86)/atmel/studio/7.0/toolchain/avr8/avr8-gnu-toolchain/bin/../lib/gcc/avr/5.4.0/../../../../avr/lib/avr5\libm.a(divsf3.o)
                0x00002328                __divsf3
 .text.avr-libc.fplib
                0x00002330       0xdc c:/program files (x86)/atmel/studio/7.0/toolchain/avr8/avr8-gnu-toolchain/bin/../lib/gcc/avr/5.4.0/../../../../avr/lib/avr5\libm.a(divsf3x.o)
                0x00002350                __divsf3x
                0x00002356                __divsf3_pse
 .text.avr-libc.fplib
                0x0000240c        0xe c:/program files (x86)/atmel/studio/7.0/toolchain/avr8/avr8-gnu-toolchain/bin/../lib/gcc/avr/5.4.0/../../../../avr/lib/avr5\libm.a(fixsfsi.o)
                0x0000240c                __fixsfsi
 .text.avr-libc.fplib
                0x0000241a       0x5e c:/program files (x86)/atmel/studio/7.0/toolchain/avr8/avr8-gnu-toolchain/bin/../lib/gcc/avr/5.4.0/../../../../avr/lib/avr5\libm.a(fixunssfsi.o)
                0x0000241a                __fixunssfsi
 .text.avr-libc.fplib
                0x00002478       0x7a c:/program files (x86)/atmel/studio/7.0/toolchain/avr8/avr8-gnu-toolchain/bin/../lib/gcc/avr/5.4.0/../../../../avr/lib/avr5\libm.a(floatsisf.o)
                0x00002478                __floatunsisf
                0x0000247c                __floatsisf
 .text.avr-libc.fplib
                0x000024f2        0xc c:/program files (x86)/atmel/studio/7.0/toolchain/avr8/avr8-gnu-toolchain/bin/../lib/gcc/avr/5.4.0/../../../../avr/lib/avr5\libm.a(fp_inf.o)
                0x000024f2                __fp_inf
 .text.avr-libc.fplib
                0x000024fe        0x6 c:/program files (x86)/atmel/studio/7.0/toolchain/avr8/avr8-gnu-toolchain/bin/../lib/gcc/avr/5.4.0/../../../../avr/lib/avr5\libm.a(fp_nan.o)
                0x000024fe                __fp_nan
 .text.avr-libc.fplib
                0x00002504       0x4e c:/program files (x86)/atmel/studio/7.0/toolchain/avr8/avr8-gnu-toolchain/bin/../lib/gcc/avr/5.4.0/../../../../avr/lib/avr5\libm.a(fp_powser.o)
                0x00002504                __fp_powser
 .text.avr-libc.fplib
                0x00002552        0xe c:/program files (x86)/atmel/studio/7.0/toolchain/avr8/avr8-gnu-toolchain/bin/../lib/gcc/avr/5.4.0/../../../../avr/lib/avr5\libm.a(fp_pscA.o)
                0x00002552                __fp_pscA
 .text.avr-libc.fplib
                0x00002560        0xe c:/program files (x86)/atmel/studio/7.0/toolchain/avr8/avr8-gnu-toolchain/bin/../lib/gcc/avr/5.4.0/../../../../avr/lib/avr5\libm.a(fp_pscB.o)
                0x00002560                __fp_pscB
 .text.avr-libc.fplib
                0x0000256e       0x22 c:/program files (x86)/atmel/studio/7.0/toolchain/avr8/avr8-gnu-toolchain/bin/../lib/gcc/avr/5.4.0/../../../../avr/lib/avr5\libm.a(fp_round.o)
                0x0000256e                __fp_round
 .text.avr-libc.fplib
                0x00002590       0x44 c:/program files (x86)/atmel/studio/7.0/toolchain/avr8/avr8-gnu-toolchain/bin/../lib/gcc/avr/5.4.0/../../../../avr/lib/avr5\libm.a(fp_split3.o)
                0x00002590                __fp_split3
                0x000025a0                __fp_splitA
 .text.avr-libc.fplib
                0x000025d4        0xe c:/program files (x86)/atmel/studio/7.0/toolchain/avr8/avr8-gnu-toolchain/bin/../lib/gcc/avr/5.4.0/../../../../avr/lib/avr5\libm.a(fp_zero.o)
                0x000025d4                __fp_zero
                0x000025d6                __fp_szero
 .text.avr-libc.fplib
                0x000025e2       0x10 c:/program files (x86)/atmel/studio/7.0/toolchain/avr8/avr8-gnu-toolchain/bin/../lib/gcc/avr/5.4.0/../../../../avr/lib/avr5\libm.a(inverse.o)
                0x000025e2                inverse
 .text.avr-libc.fplib
                0x000025f2        0x8 c:/program files (x86)/atmel/studio/7.0/toolchain/avr8/avr8-gnu-toolchain/bin/../lib/gcc/avr/5.4.0/../../../../avr/lib/avr5\libm.a(mulsf3.o)
                0x000025f2                __mulsf3
 .text.avr-libc.fplib
                0x000025fa       0xd2 c:/program files (x86)/atmel/studio/7.0/toolchain/avr8/avr8-gnu-toolchain/bin/../lib/gcc/avr/5.4.0/../../../../avr/lib/avr5\libm.a(mulsf3x.o)
                0x00002618                __mulsf3x
                0x0000261e                __mulsf3_pse
 .text.avr-libc.fplib
                0x000026cc       0x8c c:/program files (x86)/atmel/studio/7.0/toolchain/avr8/avr8-gnu-toolchain/bin/../lib/gcc/avr/5.4.0/../../../../avr/lib/avr5\libm.a(sqrt.o)
                0x000026d8                sqrtf
                0x000026d8                sqrt
 .text.avr-libc.fplib
                0x00002758        0x8 c:/program files (x86)/atmel/studio/7.0/toolchain/avr8/avr8-gnu-toolchain/bin/../lib/gcc/avr/5.4.0/../../../../avr/lib/avr5\libm.a(square.o)
                0x00002758                square
 .text.avr-libc.fplib
                0x00002760       0x1c c:/program files (x86)/atmel/studio/7.0/toolchain/avr8/avr8-gnu-toolchain/bin/../lib/gcc/avr/5.4.0/../../../../avr/lib/avr5\libm.a(fp_mpack.o)
                0x00002760                __fp_mpack
                0x00002764                __fp_mpack_finite
 .text.avr-libc.fplib
                0x0000277c        0xe c:/program files (x86)/atmel/studio/7.0/toolchain/avr8/avr8-gnu-toolchain/bin/../lib/gcc/avr/5.4.0/../../../../avr/lib/avr5\libm.a(fp_norm2.o)
                0x0000277c                __fp_norm2
 .text.libgcc.div
                0x0000278a       0x28 c:/program files (x86)/atmel/studio/7.0/toolchain/avr8/avr8-gnu-toolchain/bin/../lib/gcc/avr/5.4.0/avr5\libgcc.a(_divmodhi4.o)
                0x0000278a                _div
                0x0000278a                __divmodhi4
 .text.libgcc.div
                0x000027b2       0x44 c:/program files (x86)/atmel/studio/7.0/toolchain/avr8/avr8-gnu-toolchain/bin/../lib/gcc/avr/5.4.0/avr5\libgcc.a(_udivmodsi4.o)
                0x000027b2                __udivmodsi4
 .text.libgcc.mul
                0x000027f6       0x1e c:/program files (x86)/atmel/studio/7.0/toolchain/avr8/avr8-gnu-toolchain/bin/../lib/gcc/avr/5.4.0/avr5\libgcc.a(_umulhisi3.o)
                0x000027f6                __umulhisi3
 .text.libgcc.div
                0x00002814       0x28 c:/program files (x86)/atmel/studio/7.0/toolchain/avr8/avr8-gnu-toolchain/bin/../lib/gcc/avr/5.4.0/avr5\libgcc.a(_udivmodhi4.o)
                0x00002814                __udivmodhi4
                0x0000283c                . = ALIGN (0x2)
 *(.fini9)
 .fini9         0x0000283c        0x0 c:/program files (x86)/atmel/studio/7.0/toolchain/avr8/avr8-gnu-toolchain/bin/../lib/gcc/avr/5.4.0/avr5\libgcc.a(_exit.o)
                0x0000283c                _exit
                0x0000283c                exit
 *(.fini9)
 *(.fini8)
 *(.fini8)
 *(.fini7)
 *(.fini7)
 *(.fini6)
 *(.fini6)
 *(.fini5)
 *(.fini5)
 *(.fini4)
 *(.fini4)
 *(.fini3)
 *(.fini3)
 *(.fini2)
 *(.fini2)
 *(.fini1)
 *(.fini1)
 *(.fini0)
 .fini0         0x0000283c        0x4 c:/program files (x86)/atmel/studio/7.0/toolchain/avr8/avr8-gnu-toolchain/bin/../lib/gcc/avr/5.4.0/avr5\libgcc.a(_exit.o)
 *(.fini0)
                0x00002840                _etext = .

.data           0x00800100       0x26 load address 0x00002840
                0x00800100                PROVIDE (__data_start, .)
 *(.data)
 *(.data*)
 .data.cap      0x00800100        0x1 I2C.o
                0x00800100                cap
 .data.receive  0x00800101        0x9 I2C.o
                0x00800101                receive
 .data.send     0x0080010a        0x6 I2C.o
                0x0080010a                send
 .data.start    0x00800110        0x7 I2C.o
                0x00800110                start
 .data.error    0x00800117        0x8 I2C.o
                0x00800117                error
 .data.k_roll   0x0080011f        0x3 PID.o
                0x0080011f                k_roll
 .data.k_pitch  0x00800122        0x3 PID.o
                0x00800122                k_pitch
 *(.gnu.linkonce.d*)
 *(.rodata)
 *(.rodata*)
 *(.gnu.linkonce.r*)
                0x00800126                . = ALIGN (0x2)
 *fill*         0x00800125        0x1 
                0x00800126                _edata = .
                0x00800126                PROVIDE (__data_end, .)

.bss            0x00800126       0x96
                0x00800126                PROVIDE (__bss_start, .)
 *(.bss)
 *(.bss*)
 .bss.z_offset_acc
                0x00800126        0x2 IMU.o
                0x00800126                z_offset_acc
 .bss.y_offset_acc
                0x00800128        0x2 IMU.o
                0x00800128                y_offset_acc
 .bss.x_offset_acc
                0x0080012a        0x2 IMU.o
                0x0080012a                x_offset_acc
 .bss.z_offset_gyro
                0x0080012c        0x2 IMU.o
                0x0080012c                z_offset_gyro
 .bss.y_offset_gyro
                0x0080012e        0x2 IMU.o
                0x0080012e                y_offset_gyro
 .bss.x_offset_gyro
                0x00800130        0x2 IMU.o
                0x00800130                x_offset_gyro
 .bss.Angle_Y_Gyro
                0x00800132        0x4 IMU.o
                0x00800132                Angle_Y_Gyro
 .bss.Angle_X_Gyro
                0x00800136        0x4 IMU.o
                0x00800136                Angle_X_Gyro
 .bss.ISR_USART_Receive
                0x0080013a        0x1 main.o
                0x0080013a                ISR_USART_Receive
 .bss.motor4    0x0080013b        0x1 PID.o
                0x0080013b                motor4
 .bss.motor3    0x0080013c        0x1 PID.o
                0x0080013c                motor3
 .bss.motor2    0x0080013d        0x1 PID.o
                0x0080013d                motor2
 .bss.motor1    0x0080013e        0x1 PID.o
                0x0080013e                motor1
 .bss.delta_time_PID
                0x0080013f        0x4 PID.o
                0x0080013f                delta_time_PID
 .bss.last_sample_yaw
                0x00800143        0x4 PID.o
                0x00800143                last_sample_yaw
 .bss.last_sample_roll
                0x00800147        0x4 PID.o
                0x00800147                last_sample_roll
 .bss.last_sample_pitch
                0x0080014b        0x4 PID.o
                0x0080014b                last_sample_pitch
 .bss.k_yaw     0x0080014f        0x3 PID.o
                0x0080014f                k_yaw
 .bss.flag_rx   0x00800152        0x1 RX.o
                0x00800152                flag_rx
 .bss.portbhistory
                0x00800153        0x1 RX.o
                0x00800153                portbhistory
 .bss.is_started
                0x00800154        0x1 RX.o
                0x00800154                is_started
 .bss.period    0x00800155        0x4 RX.o
                0x00800155                period
 .bss.int_period
                0x00800159        0x4 RX.o
                0x00800159                int_period
 .bss.aux1      0x0080015d        0x1 RX.o
                0x0080015d                aux1
 .bss.yaw       0x0080015e        0x1 RX.o
                0x0080015e                yaw
 .bss.roll      0x0080015f        0x1 RX.o
                0x0080015f                roll
 .bss.pitch     0x00800160        0x1 RX.o
                0x00800160                pitch
 .bss.throttle  0x00800161        0x1 RX.o
                0x00800161                throttle
 .bss.system_tick_MG
                0x00800162        0x4 Timer.o
                0x00800162                system_tick_MG
 *(COMMON)
 COMMON         0x00800166        0x4 Gui.o
                0x00800166                last_sample_gyro
 COMMON         0x0080016a       0x46 IMU.o
                0x0080016a                gyroz
                0x0080016e                z_gyro_k
                0x00800172                gyroscope_z
                0x00800174                x_acc_k
                0x00800178                gyroscope_y
                0x0080017a                acceleration_y
                0x0080017c                accy
                0x00800180                Angle_X_Acc
                0x00800184                AngleX
                0x00800185                Angle_Y_Acc
                0x00800189                gyroscope_x
                0x0080018b                z_acc_k
                0x0080018f                y_gyro_k
                0x00800193                acceleration_z
                0x00800195                acceleration_x
                0x00800197                AngleY
                0x00800198                accz
                0x0080019c                y_acc_k
                0x008001a0                gyrox
                0x008001a4                accx
                0x008001a8                gyroy
                0x008001ac                x_gyro_k
 COMMON         0x008001b0        0xc main.o
                0x008001b0                PID
                0x008001b3                pid_d
                0x008001b4                error_pitch
                0x008001b5                error_roll_previous
                0x008001b6                pid_i
                0x008001b7                error_pitch_previous
                0x008001b8                error_yaw
                0x008001b9                error_yaw_previous
                0x008001ba                pid_p
                0x008001bb                error_roll
                0x008001bc                PROVIDE (__bss_end, .)
                0x00002840                __data_load_start = LOADADDR (.data)
                0x00002866                __data_load_end = (__data_load_start + SIZEOF (.data))

.noinit         0x008001bc        0x0
                [!provide]                PROVIDE (__noinit_start, .)
 *(.noinit*)
                [!provide]                PROVIDE (__noinit_end, .)
                0x008001bc                _end = .
                [!provide]                PROVIDE (__heap_start, .)

.eeprom         0x00810000        0x0
 *(.eeprom*)
                0x00810000                __eeprom_end = .

.fuse
 *(.fuse)
 *(.lfuse)
 *(.hfuse)
 *(.efuse)

.lock
 *(.lock*)

.signature
 *(.signature*)

.user_signatures
 *(.user_signatures*)

.stab
 *(.stab)

.stabstr
 *(.stabstr)

.stab.excl
 *(.stab.excl)

.stab.exclstr
 *(.stab.exclstr)

.stab.index
 *(.stab.index)

.stab.indexstr
 *(.stab.indexstr)

.comment        0x00000000       0x30
 *(.comment)
 .comment       0x00000000       0x30 Gui.o
                                 0x31 (size before relaxing)
 .comment       0x00000030       0x31 I2C.o
 .comment       0x00000030       0x31 IMU.o
 .comment       0x00000030       0x31 main.o
 .comment       0x00000030       0x31 PID.o
 .comment       0x00000030       0x31 RX.o
 .comment       0x00000030       0x31 Timer.o
 .comment       0x00000030       0x31 USART.o

.note.gnu.avr.deviceinfo
                0x00000000       0x40
 .note.gnu.avr.deviceinfo
                0x00000000       0x40 C:/Program Files (x86)/Atmel/Studio/7.0/Packs/atmel/ATmega_DFP/1.2.209/gcc/dev/atmega32u4/avr5/crtatmega32u4.o

.note.gnu.build-id
 *(.note.gnu.build-id)

.debug
 *(.debug)

.line
 *(.line)

.debug_srcinfo
 *(.debug_srcinfo)

.debug_sfnames
 *(.debug_sfnames)

.debug_aranges  0x00000000      0x360
 *(.debug_aranges)
 .debug_aranges
                0x00000000       0x20 Gui.o
 .debug_aranges
                0x00000020       0x78 I2C.o
 .debug_aranges
                0x00000098       0x68 IMU.o
 .debug_aranges
                0x00000100       0x20 main.o
 .debug_aranges
                0x00000120       0x50 PID.o
 .debug_aranges
                0x00000170       0xb8 RX.o
 .debug_aranges
                0x00000228       0xf8 Timer.o
 .debug_aranges
                0x00000320       0x40 USART.o

.debug_pubnames
 *(.debug_pubnames)

.debug_info     0x00000000     0x32a5
 *(.debug_info .gnu.linkonce.wi.*)
 .debug_info    0x00000000      0x9f4 C:/Program Files (x86)/Atmel/Studio/7.0/Packs/atmel/ATmega_DFP/1.2.209/gcc/dev/atmega32u4/avr5/crtatmega32u4.o
 .debug_info    0x000009f4      0x379 Gui.o
 .debug_info    0x00000d6d      0x690 I2C.o
 .debug_info    0x000013fd      0x8a2 IMU.o
 .debug_info    0x00001c9f      0x3bd main.o
 .debug_info    0x0000205c      0x522 PID.o
 .debug_info    0x0000257e      0x4e0 RX.o
 .debug_info    0x00002a5e      0x669 Timer.o
 .debug_info    0x000030c7      0x1de USART.o

.debug_abbrev   0x00000000     0x139c
 *(.debug_abbrev)
 .debug_abbrev  0x00000000      0x96a C:/Program Files (x86)/Atmel/Studio/7.0/Packs/atmel/ATmega_DFP/1.2.209/gcc/dev/atmega32u4/avr5/crtatmega32u4.o
 .debug_abbrev  0x0000096a       0xdd Gui.o
 .debug_abbrev  0x00000a47      0x185 I2C.o
 .debug_abbrev  0x00000bcc      0x16e IMU.o
 .debug_abbrev  0x00000d3a       0xda main.o
 .debug_abbrev  0x00000e14      0x193 PID.o
 .debug_abbrev  0x00000fa7      0x154 RX.o
 .debug_abbrev  0x000010fb      0x182 Timer.o
 .debug_abbrev  0x0000127d      0x11f USART.o

.debug_line     0x00000000     0x1bc4
 *(.debug_line .debug_line.* .debug_line_end)
 .debug_line    0x00000000      0x199 C:/Program Files (x86)/Atmel/Studio/7.0/Packs/atmel/ATmega_DFP/1.2.209/gcc/dev/atmega32u4/avr5/crtatmega32u4.o
 .debug_line    0x00000199      0x1f9 Gui.o
 .debug_line    0x00000392      0x452 I2C.o
 .debug_line    0x000007e4      0x47b IMU.o
 .debug_line    0x00000c5f      0x15e main.o
 .debug_line    0x00000dbd      0x29b PID.o
 .debug_line    0x00001058      0x48a RX.o
 .debug_line    0x000014e2      0x569 Timer.o
 .debug_line    0x00001a4b      0x179 USART.o

.debug_frame    0x00000000      0xb28
 *(.debug_frame)
 .debug_frame   0x00000000       0x24 Gui.o
 .debug_frame   0x00000024      0x154 I2C.o
 .debug_frame   0x00000178      0x190 IMU.o
 .debug_frame   0x00000308       0x24 main.o
 .debug_frame   0x0000032c      0x174 PID.o
 .debug_frame   0x000004a0      0x2ac RX.o
 .debug_frame   0x0000074c      0x31c Timer.o
 .debug_frame   0x00000a68       0xc0 USART.o

.debug_str      0x00000000      0xe80
 *(.debug_str)
 .debug_str     0x00000000      0x371 C:/Program Files (x86)/Atmel/Studio/7.0/Packs/atmel/ATmega_DFP/1.2.209/gcc/dev/atmega32u4/avr5/crtatmega32u4.o
 .debug_str     0x00000371      0x248 Gui.o
                                0x28e (size before relaxing)
 .debug_str     0x000005b9      0x10f I2C.o
                                0x2a3 (size before relaxing)
 .debug_str     0x000006c8      0x18e IMU.o
                                0x465 (size before relaxing)
 .debug_str     0x00000856      0x133 main.o
                                0x36c (size before relaxing)
 .debug_str     0x00000989       0xa6 PID.o
                                0x359 (size before relaxing)
 .debug_str     0x00000a2f      0x1d2 RX.o
                                0x396 (size before relaxing)
 .debug_str     0x00000c01      0x23a Timer.o
                                0x40a (size before relaxing)
 .debug_str     0x00000e3b       0x45 USART.o
                                0x223 (size before relaxing)

.debug_loc      0x00000000     0x200f
 *(.debug_loc)
 .debug_loc     0x00000000      0x247 Gui.o
 .debug_loc     0x00000247      0x406 I2C.o
 .debug_loc     0x0000064d      0x514 IMU.o
 .debug_loc     0x00000b61      0x49a PID.o
 .debug_loc     0x00000ffb      0x532 RX.o
 .debug_loc     0x0000152d      0x919 Timer.o
 .debug_loc     0x00001e46      0x1c9 USART.o

.debug_macinfo
 *(.debug_macinfo)

.debug_weaknames
 *(.debug_weaknames)

.debug_funcnames
 *(.debug_funcnames)

.debug_typenames
 *(.debug_typenames)

.debug_varnames
 *(.debug_varnames)

.debug_pubtypes
 *(.debug_pubtypes)

.debug_ranges   0x00000000      0x2f8
 *(.debug_ranges)
 .debug_ranges  0x00000000       0x10 Gui.o
 .debug_ranges  0x00000010       0x80 I2C.o
 .debug_ranges  0x00000090       0x58 IMU.o
 .debug_ranges  0x000000e8       0x10 main.o
 .debug_ranges  0x000000f8       0x40 PID.o
 .debug_ranges  0x00000138       0xa8 RX.o
 .debug_ranges  0x000001e0       0xe8 Timer.o
 .debug_ranges  0x000002c8       0x30 USART.o

.debug_macro
 *(.debug_macro)
OUTPUT(Paperino_3.1.elf elf32-avr)
LOAD linker stubs
